../Core/Src/stm32f1xx_hal_msp.c:64:6:HAL_MspInit	8	static
../Core/Src/stm32f1xx_hal_msp.c:91:6:HAL_ADC_MspInit	32	static
../Core/Src/stm32f1xx_hal_msp.c:124:6:HAL_ADC_MspDeInit	0	static
../Core/Src/stm32f1xx_hal_msp.c:152:6:HAL_I2C_MspInit	40	static
../Core/Src/stm32f1xx_hal_msp.c:210:6:HAL_I2C_MspDeInit	8	static
../Core/Src/stm32f1xx_hal_msp.c:247:6:HAL_TIM_Base_MspInit	16	static
../Core/Src/stm32f1xx_hal_msp.c:273:6:HAL_TIM_Base_MspDeInit	0	static
../Core/Src/stm32f1xx_hal_msp.c:298:6:HAL_UART_MspInit	48	static
../Core/Src/stm32f1xx_hal_msp.c:367:6:HAL_UART_MspDeInit	8	static
